Your current coordinates are Latitude 12.983649535463 Longitude 77.640552520752. You have entered into a shopping area.
Your current coordinates are Latitude 12.980471333464 Longitude 77.640681266785. Offer: A cafe 20.8188643795387 meters away is offering a discount of 25% on coffee.
Your current coordinates are Latitude 12.981684073232 Longitude 77.64063835144. Offer: A cafe 153.693049374255 meters away is offering a discount of 25% on coffee.
Your current coordinates are Latitude 12.978296750786 Longitude 77.640767097473. Offer: McDonald's 256.716656215146 meters away is offering a free complimentary drink with purchase of a cheeseburger.
Your current coordinates are Latitude 12.976435794736 Longitude 77.640917301178. New items: Woodland showroom 98.8087922978132 meters away has a new collection of leather coaches.
Your current coordinates are Latitude 12.971250135865 Longitude 77.641196250916. Offer: Sony Center 98.2337470617445 meters away is offering 20% off total bill with purchases of $500 or more.
Your current coordinates are Latitude 12.970434639349 Longitude 77.641260623932. Offer: Sony Center 30.6162865845244 meters away is offering 20% off total bill with purchases of $500 or more.
Your current coordinates are Latitude 12.967277178909 Longitude 77.641389369965. New experience: A new Indian Resturant has opened 66.2487883329884 meters away.
