"gcpvje6",16,["40212","40155","40104","40065","40107","40197","40068","40203","40146","40221","40164","40206","40149","40185","40059","40152"]
"gcpvj6u",5,["40098","40056","40074","40119","40095"]
"gcpvje4",3,["40116","40149","40077"]
"gcpvj7j",2,["40089","40077"]
"gcpvjub",1,["40074"]
"gcpvje3",1,["40110"]
"gcpvje1",1,["40212"]
"gcpvhgh",1,["40080"]
"gch6nxz",1,["40101"]
"gbgb9hm",1,["40170"]
"gcpvjk0",1,["40215"]
"gcpvje7",1,["40209"]
